[0m17:14:33.359116 [debug] [MainThread]: Sending event: {'category': 'dbt', 'action': 'invocation', 'label': 'start', 'context': [<snowplow_tracker.self_describing_json.SelfDescribingJson object at 0x000002838DDD5D30>, <snowplow_tracker.self_describing_json.SelfDescribingJson object at 0x000002838ABE3390>, <snowplow_tracker.self_describing_json.SelfDescribingJson object at 0x000002838F19BB10>]}


============================== 17:14:33.366890 | 66a3e097-8a5e-42e8-b2a8-5be1950e7d78 ==============================
[0m17:14:33.366890 [info ] [MainThread]: Running with dbt=1.11.11
[0m17:14:33.368151 [debug] [MainThread]: running dbt with arguments {'static_parser': 'True', 'no_print': 'None', 'version_check': 'True', 'target_path': 'None', 'warn_error_options': 'WarnErrorOptionsV2(error=[], warn=[], silence=[])', 'printer_width': '80', 'write_json': 'True', 'empty': 'None', 'log_cache_events': 'False', 'introspect': 'True', 'cache_selected_only': 'False', 'fail_fast': 'False', 'debug': 'False', 'log_format': 'default', 'partial_parse': 'True', 'send_anonymous_usage_stats': 'True', 'quiet': 'False', 'warn_error': 'None', 'profiles_dir': 'C:\\Users\\Le Nguyen My Duyen\\.dbt', 'indirect_selection': 'eager', 'invocation_command': 'dbt init supply_chain_dbt', 'use_colors': 'True', 'use_experimental_parser': 'False', 'log_path': 'logs'}
[0m17:14:33.451385 [info ] [MainThread]: Creating dbt configuration folder at C:\Users\Le Nguyen My Duyen\.dbt
[0m17:14:33.455115 [debug] [MainThread]: Starter project path: C:\Users\Le Nguyen My Duyen\AppData\Local\Programs\Python\Python313\Lib\site-packages\dbt\include\starter_project
[0m17:14:33.545258 [info ] [MainThread]: 
Your new dbt project "supply_chain_dbt" was created!

For more information on how to configure the profiles.yml file,
please consult the dbt documentation here:

  https://docs.getdbt.com/docs/configure-your-profile

One more thing:

Need help? Don't hesitate to reach out to us via GitHub issues or on Slack:

  https://community.getdbt.com/

Happy modeling!

[0m17:14:33.546357 [info ] [MainThread]: Setting up your profile.
[0m17:15:15.503599 [info ] [MainThread]: Profile supply_chain_dbt written to C:\Users\Le Nguyen My Duyen\.dbt\profiles.yml using target's sample configuration. Once updated, you'll be able to start developing with dbt.
[0m17:15:15.505546 [debug] [MainThread]: Command `dbt init` succeeded at 17:15:15.505360 after 42.43 seconds
[0m17:15:15.506039 [debug] [MainThread]: Sending event: {'category': 'dbt', 'action': 'invocation', 'label': 'end', 'context': [<snowplow_tracker.self_describing_json.SelfDescribingJson object at 0x0000028390365F30>, <snowplow_tracker.self_describing_json.SelfDescribingJson object at 0x000002838BF41910>, <snowplow_tracker.self_describing_json.SelfDescribingJson object at 0x00000283903F09E0>]}
[0m17:15:15.506550 [debug] [MainThread]: Flushing usage events
[0m17:15:17.157226 [debug] [MainThread]: An error was encountered while trying to flush usage events
[0m18:28:49.294681 [debug] [MainThread]: Sending event: {'category': 'dbt', 'action': 'invocation', 'label': 'start', 'context': [<snowplow_tracker.self_describing_json.SelfDescribingJson object at 0x0000018D04E75D30>, <snowplow_tracker.self_describing_json.SelfDescribingJson object at 0x0000018D01C43390>, <snowplow_tracker.self_describing_json.SelfDescribingJson object at 0x0000018D0624BB10>]}


============================== 18:28:49.300527 | fcaaacb7-c8d5-4a02-8b9c-8e90b31614aa ==============================
[0m18:28:49.300527 [info ] [MainThread]: Running with dbt=1.11.11
[0m18:28:49.301174 [debug] [MainThread]: running dbt with arguments {'static_parser': 'True', 'no_print': 'None', 'version_check': 'True', 'warn_error_options': 'WarnErrorOptionsV2(error=[], warn=[], silence=[])', 'target_path': 'None', 'printer_width': '80', 'write_json': 'True', 'empty': 'None', 'log_cache_events': 'False', 'introspect': 'True', 'cache_selected_only': 'False', 'log_format': 'default', 'debug': 'False', 'fail_fast': 'False', 'partial_parse': 'True', 'send_anonymous_usage_stats': 'True', 'quiet': 'False', 'warn_error': 'None', 'profiles_dir': 'C:\\Users\\Le Nguyen My Duyen\\.dbt', 'indirect_selection': 'eager', 'invocation_command': 'dbt debug', 'use_colors': 'True', 'use_experimental_parser': 'False', 'log_path': 'logs'}
[0m18:28:49.319562 [info ] [MainThread]: dbt version: 1.11.11
[0m18:28:49.320363 [info ] [MainThread]: python version: 3.13.9
[0m18:28:49.321208 [info ] [MainThread]: python path: C:\Users\Le Nguyen My Duyen\AppData\Local\Programs\Python\Python313\python.exe
[0m18:28:49.322156 [info ] [MainThread]: os info: Windows-11-10.0.26200-SP0
[0m18:28:49.330394 [error] [MainThread]: Encountered an error:
Parsing Error
  Env var required but not provided: 'R2_ACCESS_KEY_ID'
[0m18:28:49.332034 [debug] [MainThread]: Command `dbt debug` failed at 18:28:49.331878 after 0.16 seconds
[0m18:28:49.332433 [debug] [MainThread]: Sending event: {'category': 'dbt', 'action': 'invocation', 'label': 'end', 'context': [<snowplow_tracker.self_describing_json.SelfDescribingJson object at 0x0000018D07415220>, <snowplow_tracker.self_describing_json.SelfDescribingJson object at 0x0000018D062DF530>, <snowplow_tracker.self_describing_json.SelfDescribingJson object at 0x0000018D07430050>]}
[0m18:28:49.332886 [debug] [MainThread]: Flushing usage events
[0m18:28:50.924671 [debug] [MainThread]: An error was encountered while trying to flush usage events
[0m18:32:06.409428 [debug] [MainThread]: Sending event: {'category': 'dbt', 'action': 'invocation', 'label': 'start', 'context': [<snowplow_tracker.self_describing_json.SelfDescribingJson object at 0x0000024F40F75D30>, <snowplow_tracker.self_describing_json.SelfDescribingJson object at 0x0000024F3DCE3390>, <snowplow_tracker.self_describing_json.SelfDescribingJson object at 0x0000024F4233BB10>]}


============================== 18:32:06.414984 | 9878f8d2-e265-497a-9767-929f3bd81dbd ==============================
[0m18:32:06.414984 [info ] [MainThread]: Running with dbt=1.11.11
[0m18:32:06.415649 [debug] [MainThread]: running dbt with arguments {'version_check': 'True', 'no_print': 'None', 'static_parser': 'True', 'warn_error_options': 'WarnErrorOptionsV2(error=[], warn=[], silence=[])', 'target_path': 'None', 'printer_width': '80', 'write_json': 'True', 'introspect': 'True', 'log_cache_events': 'False', 'empty': 'None', 'cache_selected_only': 'False', 'fail_fast': 'False', 'debug': 'False', 'log_format': 'default', 'partial_parse': 'True', 'send_anonymous_usage_stats': 'True', 'quiet': 'False', 'warn_error': 'None', 'profiles_dir': 'C:\\Users\\Le Nguyen My Duyen\\.dbt', 'indirect_selection': 'eager', 'use_colors': 'True', 'invocation_command': 'dbt debug', 'use_experimental_parser': 'False', 'log_path': 'logs'}
[0m18:32:06.433612 [info ] [MainThread]: dbt version: 1.11.11
[0m18:32:06.434160 [info ] [MainThread]: python version: 3.13.9
[0m18:32:06.434631 [info ] [MainThread]: python path: C:\Users\Le Nguyen My Duyen\AppData\Local\Programs\Python\Python313\python.exe
[0m18:32:06.434967 [info ] [MainThread]: os info: Windows-11-10.0.26200-SP0
[0m18:32:06.550746 [info ] [MainThread]: Using profiles dir at C:\Users\Le Nguyen My Duyen\.dbt
[0m18:32:06.551498 [info ] [MainThread]: Using profiles.yml file at C:\Users\Le Nguyen My Duyen\.dbt\profiles.yml
[0m18:32:06.551899 [info ] [MainThread]: Using dbt_project.yml file at D:\Workspace\DW\supply-chain-lakehouse\dbt_project.yml
[0m18:32:06.554976 [info ] [MainThread]: adapter type: duckdb
[0m18:32:06.555488 [info ] [MainThread]: adapter version: 1.10.1
[0m18:32:06.556149 [info ] [MainThread]: Configuration:
[0m18:32:06.556527 [info ] [MainThread]:   profiles.yml file [[32mOK found and valid[0m]
[0m18:32:06.556925 [info ] [MainThread]:   dbt_project.yml file [[31mERROR not found[0m]
[0m18:32:06.557282 [info ] [MainThread]: Required dependencies:
[0m18:32:06.557722 [debug] [MainThread]: Executing "git --help"
[0m18:32:06.604373 [debug] [MainThread]: STDOUT: "b"usage: git [-v | --version] [-h | --help] [-C <path>] [-c <name>=<value>]\n           [--exec-path[=<path>]] [--html-path] [--man-path] [--info-path]\n           [-p | --paginate | -P | --no-pager] [--no-replace-objects] [--no-lazy-fetch]\n           [--no-optional-locks] [--no-advice] [--bare] [--git-dir=<path>]\n           [--work-tree=<path>] [--namespace=<name>] [--config-env=<name>=<envvar>]\n           <command> [<args>]\n\nThese are common Git commands used in various situations:\n\nstart a working area (see also: git help tutorial)\n   clone      Clone a repository into a new directory\n   init       Create an empty Git repository or reinitialize an existing one\n\nwork on the current change (see also: git help everyday)\n   add        Add file contents to the index\n   mv         Move or rename a file, a directory, or a symlink\n   restore    Restore working tree files\n   rm         Remove files from the working tree and from the index\n\nexamine the history and state (see also: git help revisions)\n   bisect     Use binary search to find the commit that introduced a bug\n   diff       Show changes between commits, commit and working tree, etc\n   grep       Print lines matching a pattern\n   log        Show commit logs\n   show       Show various types of objects\n   status     Show the working tree status\n\ngrow, mark and tweak your common history\n   backfill   Download missing objects in a partial clone\n   branch     List, create, or delete branches\n   commit     Record changes to the repository\n   merge      Join two or more development histories together\n   rebase     Reapply commits on top of another base tip\n   reset      Reset current HEAD to the specified state\n   switch     Switch branches\n   tag        Create, list, delete or verify a tag object signed with GPG\n\ncollaborate (see also: git help workflows)\n   fetch      Download objects and refs from another repository\n   pull       Fetch from and integrate with another repository or a local branch\n   push       Update remote refs along with associated objects\n\n'git help -a' and 'git help -g' list available subcommands and some\nconcept guides. See 'git help <command>' or 'git help <concept>'\nto read about a specific subcommand or concept.\nSee 'git help git' for an overview of the system.\n""
[0m18:32:06.605287 [debug] [MainThread]: STDERR: "b''"
[0m18:32:06.605851 [info ] [MainThread]:  - git [[32mOK found[0m]

[0m18:32:06.606311 [info ] [MainThread]: Connection:
[0m18:32:06.606989 [info ] [MainThread]:   database: lakehouse
[0m18:32:06.607337 [info ] [MainThread]:   schema: main
[0m18:32:06.607629 [info ] [MainThread]:   path: D:/Workspace/DW/supply-chain-lakehouse/lakehouse.db
[0m18:32:06.608039 [info ] [MainThread]:   config_options: None
[0m18:32:06.608466 [info ] [MainThread]:   extensions: ['httpfs']
[0m18:32:06.608834 [info ] [MainThread]:   settings: {'s3_endpoint': 'e49eaef183d28c29671eb8fa90aeb624.r2.cloudflarestorage.com', 's3_access_key_id': '31dd0f70abba592dddab9348177879f4', 's3_secret_access_key': '88f6e59757bc2f2b50cc73a8c85de2a982dec020ed7e98fce1e4b97154cb65a4', 's3_region': 'auto', 's3_url_style': 'path'}
[0m18:32:06.609276 [info ] [MainThread]:   external_root: .
[0m18:32:06.609823 [info ] [MainThread]:   use_credential_provider: None
[0m18:32:06.610197 [info ] [MainThread]:   attach: None
[0m18:32:06.610534 [info ] [MainThread]:   filesystems: None
[0m18:32:06.610845 [info ] [MainThread]:   remote: None
[0m18:32:06.611136 [info ] [MainThread]:   plugins: None
[0m18:32:06.611460 [info ] [MainThread]:   disable_transactions: False
[0m18:32:06.612082 [info ] [MainThread]: Registered adapter: duckdb=1.10.1
[0m18:32:06.777544 [debug] [MainThread]: Acquiring new duckdb connection 'debug'
[0m18:32:06.821829 [debug] [MainThread]: Using duckdb connection "debug"
[0m18:32:06.822245 [debug] [MainThread]: On debug: select 1 as id
[0m18:32:06.822460 [debug] [MainThread]: Opening a new connection, currently in state init
[0m18:32:06.876943 [debug] [MainThread]: SQL status: OK in 0.054 seconds
[0m18:32:06.878155 [debug] [MainThread]: On debug: Close
[0m18:32:06.878440 [info ] [MainThread]:   Connection test: [[32mOK connection ok[0m]

[0m18:32:06.878965 [info ] [MainThread]: [31m1 check failed:[0m
[0m18:32:06.879638 [info ] [MainThread]: Project loading failed for the following reason:
 project path <D:\Workspace\DW\supply-chain-lakehouse\dbt_project.yml> not found

[0m18:32:06.880940 [debug] [MainThread]: Command `dbt debug` failed at 18:32:06.880778 after 0.68 seconds
[0m18:32:06.881268 [debug] [MainThread]: Connection 'debug' was properly closed.
[0m18:32:06.881527 [debug] [MainThread]: Sending event: {'category': 'dbt', 'action': 'invocation', 'label': 'end', 'context': [<snowplow_tracker.self_describing_json.SelfDescribingJson object at 0x0000024F43611810>, <snowplow_tracker.self_describing_json.SelfDescribingJson object at 0x0000024F43740710>, <snowplow_tracker.self_describing_json.SelfDescribingJson object at 0x0000024F43514F30>]}
[0m18:32:06.881878 [debug] [MainThread]: Flushing usage events
[0m18:32:08.764012 [debug] [MainThread]: An error was encountered while trying to flush usage events
